main.c:67:6:clear7SEG	8	static
main.c:72:6:display7SEG	16	static
main.c:115:6:update7SEG	16	static
main.c:150:6:updateLEDMatrix	24	static
main.c:250:6:updateMatrixBuffer	16	static
main.c:258:6:LedBlinky	8	static
main.c:262:6:DoubleDot	8	static
main.c:266:6:updateTiming	4	static
main.c:270:6:Led7Scan	8	static
main.c:277:6:LedMatrixAnimation	8	static
main.c:287:5:main	8	static
main.c:338:6:SystemClock_Config	72	static
main.c:374:13:MX_TIM2_Init	32	static
main.c:419:13:MX_GPIO_Init	32	static
main.c:468:6:HAL_TIM_PeriodElapsedCallback	16	static
main.c:477:6:Error_Handler	4	static,ignoring_inline_asm
